[C:/Users/Erhan Köse/Desktop/MKA Esports/backblue.gif]
[C:/Users/Erhan Köse/Desktop/MKA Esports/fade.gif]
[C:/Users/Erhan Köse/Desktop/MKA Esports/index.html]
[C:/Users/Erhan Köse/Desktop/MKA Esports/etiget.org/feed/index.html]
[C:/Users/Erhan Köse/Desktop/MKA Esports/etiget.org/comments/feed/index.html]
[C:/Users/Erhan Köse/Desktop/MKA Esports/etiget.org/wp-content/themes/pixiebolt/images/sponsor-bg.jpg]
[C:/Users/Erhan Köse/Desktop/MKA Esports/etiget.org/wp-includes/js/jquery/jquery4a5f.js]
[C:/Users/Erhan Köse/Desktop/MKA Esports/etiget.org/wp-includes/js/jquery/jquery-migrate.min330a.js]
[C:/Users/Erhan Köse/Desktop/MKA Esports/etiget.org/xmlrpc0db0.php]
[C:/Users/Erhan Köse/Desktop/MKA Esports/etiget.org/wp-includes/wlwmanifest.xml]
[C:/Users/Erhan Köse/Desktop/MKA Esports/etiget.org/wp-content/uploads/2020/01/cropped-favicon-1-32x32.png]
[C:/Users/Erhan Köse/Desktop/MKA Esports/etiget.org/wp-json/index.html]
[C:/Users/Erhan Köse/Desktop/MKA Esports/etiget.org/wp-content/uploads/2020/01/cropped-favicon-1-192x192.png]
[C:/Users/Erhan Köse/Desktop/MKA Esports/etiget.org/wp-content/uploads/2020/01/cropped-favicon-1-180x180.png]
[C:/Users/Erhan Köse/Desktop/MKA Esports/etiget.org/wp-content/uploads/2020/01/logoo-1.png]
[C:/Users/Erhan Köse/Desktop/MKA Esports/etiget.org/wp-content/uploads/2020/01/denemehbg-2.jpg]
[C:/Users/Erhan Köse/Desktop/MKA Esports/etiget.org/wp-content/uploads/2020/01/PikPng.com_pubg-logo-png_287189.png]
[C:/Users/Erhan Köse/Desktop/MKA Esports/etiget.org/wp-content/uploads/2020/01/3.png]
[C:/Users/Erhan Köse/Desktop/MKA Esports/etiget.org/wp-content/uploads/2020/02/Arkaplan.png]
[C:/Users/Erhan Köse/Desktop/MKA Esports/etiget.org/wp-content/uploads/2020/02/League_website_sbqmke.png]
[C:/Users/Erhan Köse/Desktop/MKA Esports/etiget.org/wp-content/themes/pixiebolt/images/team-logo.png]
[C:/Users/Erhan Köse/Desktop/MKA Esports/etiget.org/wp-content/uploads/2020/01/1-e1578140044909.png]
[C:/Users/Erhan Köse/Desktop/MKA Esports/etiget.org/wp-content/uploads/2019/12/star.png]
[C:/Users/Erhan Köse/Desktop/MKA Esports/etiget.org/wp-content/uploads/2019/12/images.jpg]
[C:/Users/Erhan Köse/Desktop/MKA Esports/etiget.org/wp-content/plugins/visualcomposer/public/dist/front.bundlece8b.js]
[C:/Users/Erhan Köse/Desktop/MKA Esports/etiget.org/wp-content/plugins/awsm-team/js/team.minc358.js]
[C:/Users/Erhan Köse/Desktop/MKA Esports/etiget.org/wp-includes/js/thickbox/thickboxab87.js]
[C:/Users/Erhan Köse/Desktop/MKA Esports/etiget.org/wp-content/themes/pixiebolt/assets/js/owl.carousel.min8a54.js]
[C:/Users/Erhan Köse/Desktop/MKA Esports/etiget.org/wp-content/themes/pixiebolt/assets/js/bootstrap.min8a54.js]
[C:/Users/Erhan Köse/Desktop/MKA Esports/etiget.org/wp-content/themes/pixiebolt/assets/js/chosen.jquery.min8a54.js]
[C:/Users/Erhan Köse/Desktop/MKA Esports/etiget.org/wp-content/themes/pixiebolt/assets/js/main0ba6.js]
[C:/Users/Erhan Köse/Desktop/MKA Esports/etiget.org/wp-includes/js/wp-embed.min1852.js]
[C:/Users/Erhan Köse/Desktop/MKA Esports/etiget.org/index.html]
[C:/Users/Erhan Köse/Desktop/MKA Esports/etiget.org/wp-content/plugins/visualcomposer/public/dist/front.bundlece8b.css]
[C:/Users/Erhan Köse/Desktop/MKA Esports/etiget.org/wp-includes/fonts/dashicons2ce6.eot]
[C:/Users/Erhan Köse/Desktop/MKA Esports/etiget.org/wp-includes/fonts/dashicons2ce6.ttf]
[C:/Users/Erhan Köse/Desktop/MKA Esports/etiget.org/wp-includes/css/dashicons.min1852.css]
[C:/Users/Erhan Köse/Desktop/MKA Esports/etiget.org/wp-content/plugins/menu-icons/css/extra.min9fd1.css]
[C:/Users/Erhan Köse/Desktop/MKA Esports/etiget.org/wp-includes/css/dist/block-library/style.min1852.css]
[C:/Users/Erhan Köse/Desktop/MKA Esports/etiget.org/wp-content/plugins/tomparisde-twitchtv-widget/public/img/icon-verified.png]
[C:/Users/Erhan Köse/Desktop/MKA Esports/etiget.org/wp-content/plugins/tomparisde-twitchtv-widget/public/img/icon-game.png]
[C:/Users/Erhan Köse/Desktop/MKA Esports/etiget.org/wp-content/plugins/tomparisde-twitchtv-widget/public/img/icon-community.png]
[C:/Users/Erhan Köse/Desktop/MKA Esports/etiget.org/wp-content/plugins/tomparisde-twitchtv-widget/public/img/icon-views.png]
[C:/Users/Erhan Köse/Desktop/MKA Esports/etiget.org/wp-content/plugins/tomparisde-twitchtv-widget/public/img/icon-viewer.png]
[C:/Users/Erhan Köse/Desktop/MKA Esports/etiget.org/wp-content/plugins/tomparisde-twitchtv-widget/public/img/icon-viewer-live.png]
[C:/Users/Erhan Köse/Desktop/MKA Esports/etiget.org/wp-content/plugins/tomparisde-twitchtv-widget/public/css/styles.minc1b4.css]
[C:/Users/Erhan Köse/Desktop/MKA Esports/etiget.org/wp-content/plugins/awsm-team/css/fonts/icomoon.eot]
[C:/Users/Erhan Köse/Desktop/MKA Esports/etiget.org/wp-content/plugins/awsm-team/css/fonts/icomoon.ttf]
[C:/Users/Erhan Köse/Desktop/MKA Esports/etiget.org/wp-content/plugins/awsm-team/css/fonts/icomoon.woff]
[C:/Users/Erhan Köse/Desktop/MKA Esports/etiget.org/wp-content/plugins/awsm-team/css/team.minc358.css]
[C:/Users/Erhan Köse/Desktop/MKA Esports/etiget.org/wp-content/themes/pixiebolt/style5152.css]
[C:/Users/Erhan Köse/Desktop/MKA Esports/etiget.org/wp-content/themes/pixiebolt/assets/css/bootstrap.min5152.css]
[C:/Users/Erhan Köse/Desktop/MKA Esports/etiget.org/wp-content/themes/pixiebolt/assets/fonts/fontawesome-webfont3e6e.eot]
[C:/Users/Erhan Köse/Desktop/MKA Esports/etiget.org/wp-content/themes/pixiebolt/assets/fonts/fontawesome-webfontd41d.eot]
[C:/Users/Erhan Köse/Desktop/MKA Esports/etiget.org/wp-content/themes/pixiebolt/assets/fonts/fontawesome-webfont3e6e.woff2]
[C:/Users/Erhan Köse/Desktop/MKA Esports/etiget.org/wp-content/themes/pixiebolt/assets/fonts/fontawesome-webfont3e6e.woff]
[C:/Users/Erhan Köse/Desktop/MKA Esports/etiget.org/wp-content/themes/pixiebolt/assets/fonts/fontawesome-webfont3e6e.ttf]
[C:/Users/Erhan Köse/Desktop/MKA Esports/etiget.org/wp-content/themes/pixiebolt/assets/css/font-awesome.min5152.css]
[C:/Users/Erhan Köse/Desktop/MKA Esports/etiget.org/wp-content/themes/pixiebolt/assets/css/animation5152.css]
[C:/Users/Erhan Köse/Desktop/MKA Esports/etiget.org/wp-content/themes/pixiebolt/assets/img/footer.jpg]
[C:/Users/Erhan Köse/Desktop/MKA Esports/etiget.org/wp-content/themes/pixiebolt/assets/img/team-bg.jpg]
[C:/Users/Erhan Köse/Desktop/MKA Esports/etiget.org/wp-content/themes/pixiebolt/assets/img/404-bg.png]
[C:/Users/Erhan Köse/Desktop/MKA Esports/etiget.org/wp-content/themes/pixiebolt/assets/img/about-bg.jpg]
[C:/Users/Erhan Köse/Desktop/MKA Esports/etiget.org/wp-content/themes/pixiebolt/assets/css/stylef488.css]
[C:/Users/Erhan Köse/Desktop/MKA Esports/etiget.org/wp-content/themes/pixiebolt/assets/css/owl.carousel5152.css]
[C:/Users/Erhan Köse/Desktop/MKA Esports/etiget.org/wp-content/themes/pixiebolt/assets/css/responsivef488.css]
[C:/Users/Erhan Köse/Desktop/MKA Esports/etiget.org/wp-content/themes/pixiebolt/assets/css/chosen-sprite.png]
[C:/Users/Erhan Köse/Desktop/MKA Esports/etiget.org/wp-content/themes/pixiebolt/assets/css/chosen.min8a54.css]
[C:/Users/Erhan Köse/Desktop/MKA Esports/etiget.org/wp-content/themes/pixiebolt/assets/css/chosen-sprite@2x.png]
[C:/Users/Erhan Köse/Desktop/MKA Esports/etiget.org/wp-includes/js/thickbox/thickbox1852.css]
[C:/Users/Erhan Köse/Desktop/MKA Esports/etiget.org/wp-json/oembed/1.0/embedb65e.json]
[C:/Users/Erhan Köse/Desktop/MKA Esports/etiget.org/wp-json/oembed/1.0/embed2ef4]
[C:/Users/Erhan Köse/Desktop/MKA Esports/etiget.org/wp-content/uploads/2020/01/pagebg.jpg]
[C:/Users/Erhan Köse/Desktop/MKA Esports/etiget.org/team/index.html]
[C:/Users/Erhan Köse/Desktop/MKA Esports/etiget.org/wp-json/oembed/1.0/embed82ee.json]
[C:/Users/Erhan Köse/Desktop/MKA Esports/etiget.org/wp-json/oembed/1.0/embeddf80]
[C:/Users/Erhan Köse/Desktop/MKA Esports/etiget.org/wp-content/themes/pixiebolt/images/about-bg-bot.jpg]
[C:/Users/Erhan Köse/Desktop/MKA Esports/etiget.org/hakkimizda/index.html]
[C:/Users/Erhan Köse/Desktop/MKA Esports/etiget.org/wp-json/oembed/1.0/embedcc3b.json]
[C:/Users/Erhan Köse/Desktop/MKA Esports/etiget.org/wp-json/oembed/1.0/embedc910]
[C:/Users/Erhan Köse/Desktop/MKA Esports/etiget.org/wp-content/uploads/2019/12/PUBG-Update-2-1920x1080-1.jpg]
[C:/Users/Erhan Köse/Desktop/MKA Esports/etiget.org/wp-content/uploads/2019/12/p27693.png]
[C:/Users/Erhan Köse/Desktop/MKA Esports/etiget.org/wp-content/uploads/2019/12/Ekran-Resmi-2020-12-31-15.26.19.png]
[C:/Users/Erhan Köse/Desktop/MKA Esports/etiget.org/galeri/index.html]
[C:/Users/Erhan Köse/Desktop/MKA Esports/etiget.org/2020/02/05/etiget-berlin-yolcusu/feed/index.html]
[C:/Users/Erhan Köse/Desktop/MKA Esports/etiget.org/wp-json/oembed/1.0/embed8447.json]
[C:/Users/Erhan Köse/Desktop/MKA Esports/etiget.org/wp-json/oembed/1.0/embed7e09]
[C:/Users/Erhan Köse/Desktop/MKA Esports/etiget.org/2020/02/05/etiget-berlin-yolcusu/index.html]
[C:/Users/Erhan Köse/Desktop/MKA Esports/etiget.org/category/haberler/index.html]
[C:/Users/Erhan Köse/Desktop/MKA Esports/etiget.org/category/haberler/feed/index.html]
[C:/Users/Erhan Köse/Desktop/MKA Esports/etiget.org/wp-content/uploads/2020/02/EPotHaYWoAEVso6.jpg]
[C:/Users/Erhan Köse/Desktop/MKA Esports/etiget.org/wp-json/oembed/1.0/embed7d8c.json]
[C:/Users/Erhan Köse/Desktop/MKA Esports/etiget.org/wp-json/oembed/1.0/embed1de3]
[C:/Users/Erhan Köse/Desktop/MKA Esports/etiget.org/gll-sezon-4-mea-elemeleri-1/index.html]
[C:/Users/Erhan Köse/Desktop/MKA Esports/etiget.org/wp-content/uploads/2020/01/EPJ6jS4WAAESi-d.jpg]
[C:/Users/Erhan Köse/Desktop/MKA Esports/etiget.org/wp-json/oembed/1.0/embed9ee3.json]
[C:/Users/Erhan Köse/Desktop/MKA Esports/etiget.org/wp-json/oembed/1.0/embeda9af]
[C:/Users/Erhan Köse/Desktop/MKA Esports/etiget.org/wp-content/uploads/2020/01/EPPDg0tX4AAh2yL.jpg]
[C:/Users/Erhan Köse/Desktop/MKA Esports/etiget.org/pgs-berlin-mea-kapali-elemeleri-final-grubu/index.html]
[C:/Users/Erhan Köse/Desktop/MKA Esports/etiget.org/wp-content/uploads/2020/01/PGS-Berlin-Open-Qualifier-MEA-Group-Stage-B-1-gün.jpg]
[C:/Users/Erhan Köse/Desktop/MKA Esports/etiget.org/wp-json/oembed/1.0/embedcc9a.json]
[C:/Users/Erhan Köse/Desktop/MKA Esports/etiget.org/wp-json/oembed/1.0/embed9d13]
[C:/Users/Erhan Köse/Desktop/MKA Esports/etiget.org/wp-content/uploads/2020/01/PGS-Berlin-Open-Qualifier-MEA-Group-Stage-B-2-gün.jpg]
[C:/Users/Erhan Köse/Desktop/MKA Esports/etiget.org/pgs-berlin-open-qualifier-mea-group-stage-b/index.html]
[C:/Users/Erhan Köse/Desktop/MKA Esports/etiget.org/wp-content/uploads/2020/01/PGS-BERLİN-MEA-AÇIK-ELEMELERİ-3.-TUR-1024x576.jpg]
[C:/Users/Erhan Köse/Desktop/MKA Esports/etiget.org/wp-json/oembed/1.0/embedfe6b.json]
[C:/Users/Erhan Köse/Desktop/MKA Esports/etiget.org/wp-json/oembed/1.0/embed3f5b]
[C:/Users/Erhan Köse/Desktop/MKA Esports/etiget.org/pubg-pgs-berlin-mea-acik-elemeleri-3-tur/index.html]
[C:/Users/Erhan Köse/Desktop/MKA Esports/etiget.org/wp-content/uploads/2020/02/EPtn9doWoAA5VYa.jpg]
[C:/Users/Erhan Köse/Desktop/MKA Esports/etiget.org/wp-json/oembed/1.0/embed8f4d.json]
[C:/Users/Erhan Köse/Desktop/MKA Esports/etiget.org/wp-json/oembed/1.0/embeda873]
[C:/Users/Erhan Köse/Desktop/MKA Esports/etiget.org/gll-sezon-4-mea-elemeleri-2-tur/index.html]
[C:/Users/Erhan Köse/Desktop/MKA Esports/etiget.org/wp-content/uploads/2019/12/profil2.html]
[C:/Users/Erhan Köse/Desktop/MKA Esports/etiget.org/wp-content/uploads/2020/02/EPy9aVkUUAAF8RA.jpg]
[C:/Users/Erhan Köse/Desktop/MKA Esports/etiget.org/wp-json/oembed/1.0/embedab1f.json]
[C:/Users/Erhan Köse/Desktop/MKA Esports/etiget.org/wp-json/oembed/1.0/embed1899]
[C:/Users/Erhan Köse/Desktop/MKA Esports/etiget.org/gll-sezon-4-mea-elemeleri-3-tur/index.html]
[C:/Users/Erhan Köse/Desktop/MKA Esports/etiget.org/wp-content/uploads/2020/01/mediabg.jpg]
[C:/Users/Erhan Köse/Desktop/MKA Esports/etiget.org/wp-json/oembed/1.0/embed8b06.json]
[C:/Users/Erhan Köse/Desktop/MKA Esports/etiget.org/wp-json/oembed/1.0/embed38f7]
[C:/Users/Erhan Köse/Desktop/MKA Esports/etiget.org/wp-content/uploads/2020/01/wallpaper1920x1080-1024x576.jpg]
[C:/Users/Erhan Köse/Desktop/MKA Esports/etiget.org/wp-content/uploads/2020/01/wallpaper1920x1080.jpg]
[C:/Users/Erhan Köse/Desktop/MKA Esports/etiget.org/wp-content/uploads/2020/01/ETG-Wallpaper-1-1.png]
[C:/Users/Erhan Köse/Desktop/MKA Esports/etiget.org/wp-content/uploads/2020/01/1440x3120-scaled.jpg]
[C:/Users/Erhan Köse/Desktop/MKA Esports/etiget.org/medya/index.html]
[C:/Users/Erhan Köse/Desktop/MKA Esports/etiget.org/wp-json/oembed/1.0/embedf5d0.json]
[C:/Users/Erhan Köse/Desktop/MKA Esports/etiget.org/wp-json/oembed/1.0/embed8822]
[C:/Users/Erhan Köse/Desktop/MKA Esports/etiget.org/haberler/index.html]
[C:/Users/Erhan Köse/Desktop/MKA Esports/etiget.org/wp-content/plugins/tomparisde-twitchtv-widget/public/js/scripts.minc1b4.js]
[C:/Users/Erhan Köse/Desktop/MKA Esports/etiget.org/wp-content/plugins/awsm-team/css/fonts/icomoon.svg]
[C:/Users/Erhan Köse/Desktop/MKA Esports/etiget.org/wp-content/themes/pixiebolt/assets/fonts/glyphicons-halflings-regular.html]
[C:/Users/Erhan Köse/Desktop/MKA Esports/etiget.org/wp-content/themes/pixiebolt/assets/fonts/glyphicons-halflings-regulard41d.html]
[C:/Users/Erhan Köse/Desktop/MKA Esports/etiget.org/wp-content/themes/pixiebolt/assets/fonts/glyphicons-halflings-regular-2.html]
[C:/Users/Erhan Köse/Desktop/MKA Esports/etiget.org/wp-content/themes/pixiebolt/assets/fonts/glyphicons-halflings-regular-3.html]
[C:/Users/Erhan Köse/Desktop/MKA Esports/etiget.org/wp-content/themes/pixiebolt/assets/fonts/glyphicons-halflings-regular-4.html]
[C:/Users/Erhan Köse/Desktop/MKA Esports/etiget.org/wp-content/themes/pixiebolt/assets/fonts/glyphicons-halflings-regular-5.html]
[C:/Users/Erhan Köse/Desktop/MKA Esports/etiget.org/wp-content/themes/pixiebolt/assets/fonts/fontawesome-webfont3e6e.svg]
[C:/Users/Erhan Köse/Desktop/MKA Esports/etiget.org/wp-content/themes/pixiebolt/assets/css/owl.video.play.html]
[C:/Users/Erhan Köse/Desktop/MKA Esports/etiget.org/indexb648.html]
[C:/Users/Erhan Köse/Desktop/MKA Esports/etiget.org/indexade6.html]
[C:/Users/Erhan Köse/Desktop/MKA Esports/etiget.org/indexb251.html]
[C:/Users/Erhan Köse/Desktop/MKA Esports/etiget.org/index1329.html]
[C:/Users/Erhan Köse/Desktop/MKA Esports/etiget.org/indexd0d1.html]
[C:/Users/Erhan Köse/Desktop/MKA Esports/etiget.org/indexeabb.html]
[C:/Users/Erhan Köse/Desktop/MKA Esports/etiget.org/index7751.html]
[C:/Users/Erhan Köse/Desktop/MKA Esports/etiget.org/index750a.html]
[C:/Users/Erhan Köse/Desktop/MKA Esports/etiget.org/index9b9a.html]
[C:/Users/Erhan Köse/Desktop/MKA Esports/etiget.org/indexb75a.html]
[C:/Users/Erhan Köse/Desktop/MKA Esports/etiget.org/index50dc.html]
[C:/Users/Erhan Köse/Desktop/MKA Esports/etiget.org/index0afd.html]
[C:/Users/Erhan Köse/Desktop/MKA Esports/platform.twitter.com/widgets.js]
